Testing Gemini API with gemini-2.5-flash...
Sending prompt: Say hello to the Resume Builder user.
Success! API Response: Hello there, Resume Builder user! Welcome!
